CBLINK_1.0 {
	cbl_array_end;
	cbl_array_start;
	cbl_attr_bool;
	cbl_attr_bytes;
	cbl_attr_count;
	cbl_attr_double;
	cbl_attr_first;
	cbl_attr_get;
	cbl_attr_index;
	cbl_attr_int;
	cbl_attr_kind;
	cbl_attr_next;
	cbl_attr_str;
	cbl_attr_type;
	cbl_attr_uint;
	cbl_conn_attach;
	cbl_conn_close;
	cbl_conn_connect;
	cbl_conn_ctx;
	cbl_conn_errstr;
	cbl_conn_fd;
	cbl_conn_free;
	cbl_conn_interest;
	cbl_conn_is_open;
	cbl_conn_new;
	cbl_conn_notify;
	cbl_conn_peer;
	cbl_conn_process;
	cbl_conn_send;
	cbl_conn_stats;
	cbl_conn_set_limit;
	cbl_conn_set_tls;
	cbl_conn_set_udata;
	cbl_conn_transport;
	cbl_conn_udata;
	cbl_ctx_free;
	cbl_ctx_get_limit;
	cbl_ctx_new;
	cbl_ctx_set_conn_cbs;
	cbl_ctx_set_limit;
	cbl_ctx_set_tls;
	cbl_dump_error;
	cbl_dump_free;
	cbl_dump_next;
	cbl_dump_start;
	cbl_family_group_id;
	cbl_family_id;
	cbl_family_info_free;
	cbl_family_info_group;
	cbl_family_info_id;
	cbl_family_info_name;
	cbl_family_info_nops;
	cbl_family_info_op;
	cbl_family_info_version;
	cbl_family_register;
	cbl_family_unregister;
	cbl_frame_decode;
	cbl_get_array;
	cbl_get_attr;
	cbl_get_bool;
	cbl_get_bytes;
	cbl_get_double;
	cbl_get_flag;
	cbl_get_nested;
	cbl_get_nested_ptr;
	cbl_get_s16;
	cbl_get_s32;
	cbl_get_s64;
	cbl_get_s8;
	cbl_get_str;
	cbl_get_u16;
	cbl_get_u32;
	cbl_get_u64;
	cbl_get_u8;
	cbl_hello;
	cbl_listener_addr;
	cbl_listener_errstr;
	cbl_listener_fd;
	cbl_listener_free;
	cbl_listener_new;
	cbl_listener_process;
	cbl_listener_set_limit;
	cbl_listener_set_tls;
	cbl_listener_add_proxy;
	cbl_listener_set_unix_perm;
	cbl_listener_start;
	cbl_loop_fd;
	cbl_loop_free;
	cbl_loop_new;
	cbl_loop_post;
	cbl_loop_run;
	cbl_loop_run_once;
	cbl_loop_signal;
	cbl_loop_stop;
	cbl_loop_timer;
	cbl_msg_alloc;
	cbl_msg_attr;
	cbl_msg_body;
	cbl_msg_cmd;
	cbl_msg_encode;
	cbl_msg_err_code;
	cbl_msg_err_cookie;
	cbl_msg_err_miss_type;
	cbl_msg_err_path;
	cbl_msg_err_str;
	cbl_msg_error;
	cbl_msg_errstr;
	cbl_msg_family;
	cbl_msg_flags;
	cbl_msg_free;
	cbl_msg_len;
	cbl_msg_new;
	cbl_msg_put_cookie;
	cbl_msg_put_error;
	cbl_msg_ref;
	cbl_msg_seq;
	cbl_msg_set_flags;
	cbl_msg_set_seq;
	cbl_msg_set_stream;
	cbl_msg_set_window;
	cbl_msg_strdup;
	cbl_msg_stream;
	cbl_nest_end;
	cbl_nest_start;
	cbl_notify;
	cbl_notify_msg_new;
	cbl_parse;
	cbl_parse_nest;
	cbl_parser_check;
	cbl_peer_addr;
	cbl_peer_cred;
	cbl_peer_fingerprint;
	cbl_peer_flags;
	cbl_peer_issuer;
	cbl_peer_san;
	cbl_peer_san_count;
	cbl_peer_subject;
	cbl_peer_transport;
	cbl_ping;
	cbl_policy_set_check;
	cbl_put_attr;
	cbl_put_bool;
	cbl_put_bytes;
	cbl_put_double;
	cbl_put_flag;
	cbl_put_int;
	cbl_put_null;
	cbl_put_str;
	cbl_put_strn;
	cbl_put_uint;
	cbl_req_complete;
	cbl_req_set_cancel;
	cbl_req_cancelled;
	cbl_req_conn;
	cbl_req_ctx;
	cbl_req_defer;
	cbl_req_dump_item;
	cbl_req_msg;
	cbl_req_peer;
	cbl_req_reply_new;
	cbl_req_send;
	cbl_req_set_cookie;
	cbl_req_set_err;
	cbl_request;
	cbl_request_async;
	cbl_resolve;
	cbl_resolve_async;
	cbl_stream_accept;
	cbl_stream_close;
	cbl_stream_conn;
	cbl_stream_consumed;
	cbl_stream_credit;
	cbl_stream_half_close;
	cbl_stream_id;
	cbl_stream_msg_new;
	cbl_stream_open;
	cbl_stream_reset;
	cbl_stream_ref;
	cbl_stream_rele;
	cbl_stream_send;
	cbl_sub_arg;
	cbl_subscribe;
	cbl_subscribe_id;
	cbl_subscribe_async;
	cbl_subscribe_id_async;
	cbl_timer_cancel;
	cbl_tls_errstr;
	cbl_tls_free;
	cbl_tls_new;
	cbl_tls_set_ca;
	cbl_tls_set_cert;
	cbl_tls_set_crl;
	cbl_tls_set_peer_name;
	cbl_tls_set_verify_depth;
	cbl_tls_reload;
	cbl_unsubscribe;
	cbl_validate;
	cbl_version;
};
